Archive member included to satisfy reference by file (symbol)

C:/ST/STM32CubeIDE_1.17.0/STM32CubeIDE/plugins/com.st.stm32cube.ide.mcu.externaltools.gnu-tools-for-stm32.12.3.rel1.win32_1.1.0.202410251130/tools/bin/../lib/gcc/arm-none-eabi/12.3.1/../../../../arm-none-eabi/lib/thumb/v7e-m+dp/hard\libc_nano.a(libc_a-exit.o)
                              C:/ST/STM32CubeIDE_1.17.0/STM32CubeIDE/plugins/com.st.stm32cube.ide.mcu.externaltools.gnu-tools-for-stm32.12.3.rel1.win32_1.1.0.202410251130/tools/bin/../lib/gcc/arm-none-eabi/12.3.1/../../../../arm-none-eabi/lib/thumb/v7e-m+dp/hard/crt0.o (exit)
C:/ST/STM32CubeIDE_1.17.0/STM32CubeIDE/plugins/com.st.stm32cube.ide.mcu.externaltools.gnu-tools-for-stm32.12.3.rel1.win32_1.1.0.202410251130/tools/bin/../lib/gcc/arm-none-eabi/12.3.1/../../../../arm-none-eabi/lib/thumb/v7e-m+dp/hard\libc_nano.a(libc_a-findfp.o)
                              C:/ST/STM32CubeIDE_1.17.0/STM32CubeIDE/plugins/com.st.stm32cube.ide.mcu.externaltools.gnu-tools-for-stm32.12.3.rel1.win32_1.1.0.202410251130/tools/bin/../lib/gcc/arm-none-eabi/12.3.1/../../../../arm-none-eabi/lib/thumb/v7e-m+dp/hard\libc_nano.a(libc_a-exit.o) (__stdio_exit_handler)
C:/ST/STM32CubeIDE_1.17.0/STM32CubeIDE/plugins/com.st.stm32cube.ide.mcu.externaltools.gnu-tools-for-stm32.12.3.rel1.win32_1.1.0.202410251130/tools/bin/../lib/gcc/arm-none-eabi/12.3.1/../../../../arm-none-eabi/lib/thumb/v7e-m+dp/hard\libc_nano.a(libc_a-fwalk.o)
                              C:/ST/STM32CubeIDE_1.17.0/STM32CubeIDE/plugins/com.st.stm32cube.ide.mcu.externaltools.gnu-tools-for-stm32.12.3.rel1.win32_1.1.0.202410251130/tools/bin/../lib/gcc/arm-none-eabi/12.3.1/../../../../arm-none-eabi/lib/thumb/v7e-m+dp/hard\libc_nano.a(libc_a-findfp.o) (_fwalk_sglue)
C:/ST/STM32CubeIDE_1.17.0/STM32CubeIDE/plugins/com.st.stm32cube.ide.mcu.externaltools.gnu-tools-for-stm32.12.3.rel1.win32_1.1.0.202410251130/tools/bin/../lib/gcc/arm-none-eabi/12.3.1/../../../../arm-none-eabi/lib/thumb/v7e-m+dp/hard\libc_nano.a(libc_a-stdio.o)
                              C:/ST/STM32CubeIDE_1.17.0/STM32CubeIDE/plugins/com.st.stm32cube.ide.mcu.externaltools.gnu-tools-for-stm32.12.3.rel1.win32_1.1.0.202410251130/tools/bin/../lib/gcc/arm-none-eabi/12.3.1/../../../../arm-none-eabi/lib/thumb/v7e-m+dp/hard\libc_nano.a(libc_a-findfp.o) (__sread)
C:/ST/STM32CubeIDE_1.17.0/STM32CubeIDE/plugins/com.st.stm32cube.ide.mcu.externaltools.gnu-tools-for-stm32.12.3.rel1.win32_1.1.0.202410251130/tools/bin/../lib/gcc/arm-none-eabi/12.3.1/../../../../arm-none-eabi/lib/thumb/v7e-m+dp/hard\libc_nano.a(libc_a-memset.o)
                              C:/ST/STM32CubeIDE_1.17.0/STM32CubeIDE/plugins/com.st.stm32cube.ide.mcu.externaltools.gnu-tools-for-stm32.12.3.rel1.win32_1.1.0.202410251130/tools/bin/../lib/gcc/arm-none-eabi/12.3.1/../../../../arm-none-eabi/lib/thumb/v7e-m+dp/hard/crt0.o (memset)
C:/ST/STM32CubeIDE_1.17.0/STM32CubeIDE/plugins/com.st.stm32cube.ide.mcu.externaltools.gnu-tools-for-stm32.12.3.rel1.win32_1.1.0.202410251130/tools/bin/../lib/gcc/arm-none-eabi/12.3.1/../../../../arm-none-eabi/lib/thumb/v7e-m+dp/hard\libc_nano.a(libc_a-closer.o)
                              C:/ST/STM32CubeIDE_1.17.0/STM32CubeIDE/plugins/com.st.stm32cube.ide.mcu.externaltools.gnu-tools-for-stm32.12.3.rel1.win32_1.1.0.202410251130/tools/bin/../lib/gcc/arm-none-eabi/12.3.1/../../../../arm-none-eabi/lib/thumb/v7e-m+dp/hard\libc_nano.a(libc_a-stdio.o) (_close_r)
C:/ST/STM32CubeIDE_1.17.0/STM32CubeIDE/plugins/com.st.stm32cube.ide.mcu.externaltools.gnu-tools-for-stm32.12.3.rel1.win32_1.1.0.202410251130/tools/bin/../lib/gcc/arm-none-eabi/12.3.1/../../../../arm-none-eabi/lib/thumb/v7e-m+dp/hard\libc_nano.a(libc_a-reent.o)
                              C:/ST/STM32CubeIDE_1.17.0/STM32CubeIDE/plugins/com.st.stm32cube.ide.mcu.externaltools.gnu-tools-for-stm32.12.3.rel1.win32_1.1.0.202410251130/tools/bin/../lib/gcc/arm-none-eabi/12.3.1/../../../../arm-none-eabi/lib/thumb/v7e-m+dp/hard\libc_nano.a(libc_a-closer.o) (errno)
C:/ST/STM32CubeIDE_1.17.0/STM32CubeIDE/plugins/com.st.stm32cube.ide.mcu.externaltools.gnu-tools-for-stm32.12.3.rel1.win32_1.1.0.202410251130/tools/bin/../lib/gcc/arm-none-eabi/12.3.1/../../../../arm-none-eabi/lib/thumb/v7e-m+dp/hard\libc_nano.a(libc_a-impure.o)
                              C:/ST/STM32CubeIDE_1.17.0/STM32CubeIDE/plugins/com.st.stm32cube.ide.mcu.externaltools.gnu-tools-for-stm32.12.3.rel1.win32_1.1.0.202410251130/tools/bin/../lib/gcc/arm-none-eabi/12.3.1/../../../../arm-none-eabi/lib/thumb/v7e-m+dp/hard\libc_nano.a(libc_a-reent.o) (_impure_ptr)
C:/ST/STM32CubeIDE_1.17.0/STM32CubeIDE/plugins/com.st.stm32cube.ide.mcu.externaltools.gnu-tools-for-stm32.12.3.rel1.win32_1.1.0.202410251130/tools/bin/../lib/gcc/arm-none-eabi/12.3.1/../../../../arm-none-eabi/lib/thumb/v7e-m+dp/hard\libc_nano.a(libc_a-lseekr.o)
[...]
Memory Configuration

Name             Origin             Length             Attributes
ITCMRAM          0x00000000         0x00010000         xrw
DTCMRAM          0x20000000         0x00020000         xrw
FLASH            0x08000000         0x00100000         xr
RAM_D1           0x24000000         0x00050000         xrw
RAM_D2           0x30000000         0x00008000         xrw
RAM_D3           0x38000000         0x00004000         xrw
*default*        0x00000000         0xffffffff

Linker script and memory map

LOAD C:/ST/STM32CubeIDE_1.17.0/STM32CubeIDE/plugins/com.st.stm32cube.ide.mcu.externaltools.gnu-tools-for-stm32.12.3.rel1.win32_1.1.0.202410251130/tools/bin/../lib/gcc/arm-none-eabi/12.3.1/thumb/v7e-m+dp/hard/crti.o
LOAD C:/ST/STM32CubeIDE_1.17.0/STM32CubeIDE/plugins/com.st.stm32cube.ide.mcu.externaltools.gnu-tools-for-stm32.12.3.rel1.win32_1.1.0.202410251130/tools/bin/../lib/gcc/arm-none-eabi/12.3.1/thumb/v7e-m+dp/hard/crtbegin.o
LOAD C:/ST/STM32CubeIDE_1.17.0/STM32CubeIDE/plugins/com.st.stm32cube.ide.mcu.externaltools.gnu-tools-for-stm32.12.3.rel1.win32_1.1.0.202410251130/tools/bin/../lib/gcc/arm-none-eabi/12.3.1/../../../../arm-none-eabi/lib/thumb/v7e-m+dp/hard/crt0.o
LOAD ./Core/Src/main.o
LOAD ./Core/Src/stm32h7xx_hal_msp.o
LOAD ./Core/Src/stm32h7xx_it.o
LOAD ./Core/Src/syscalls.o
LOAD ./Core/Src/sysmem.o
LOAD ./Core/Src/system_stm32h7xx.o
LOAD ./Core/Startup/startup_stm32h723zgtx.o
LOAD ./Drivers/STM32H7xx_HAL_Driver/Src/stm32h7xx_hal.o
LOAD ./Drivers/STM32H7xx_HAL_Driver/Src/stm32h7xx_hal_cortex.o
LOAD ./Drivers/STM32H7xx_HAL_Driver/Src/stm32h7xx_hal_dma.o
LOAD ./Drivers/STM32H7xx_HAL_Driver/Src/stm32h7xx_hal_dma_ex.o
LOAD ./Drivers/STM32H7xx_HAL_Driver/Src/stm32h7xx_hal_exti.o
LOAD ./Drivers/STM32H7xx_HAL_Driver/Src/stm32h7xx_hal_flash.o
LOAD ./Drivers/STM32H7xx_HAL_Driver/Src/stm32h7xx_hal_flash_ex.o
LOAD ./Drivers/STM32H7xx_HAL_Driver/Src/stm32h7xx_hal_gpio.o
LOAD ./Drivers/STM32H7xx_HAL_Driver/Src/stm32h7xx_hal_hsem.o
LOAD ./Drivers/STM32H7xx_HAL_Driver/Src/stm32h7xx_hal_i2c.o
LOAD ./Drivers/STM32H7xx_HAL_Driver/Src/stm32h7xx_hal_i2c_ex.o
LOAD ./Drivers/STM32H7xx_HAL_Driver/Src/stm32h7xx_hal_mdma.o
LOAD ./Drivers/STM32H7xx_HAL_Driver/Src/stm32h7xx_hal_pwr.o
LOAD ./Drivers/STM32H7xx_HAL_Driver/Src/stm32h7xx_hal_pwr_ex.o
LOAD ./Drivers/STM32H7xx_HAL_Driver/Src/stm32h7xx_hal_rcc.o
LOAD ./Drivers/STM32H7xx_HAL_Driver/Src/stm32h7xx_hal_rcc_ex.o
LOAD ./User Defined/driver_sht4x.o
START GROUP
LOAD C:/ST/STM32CubeIDE_1.17.0/STM32CubeIDE/plugins/com.st.stm32cube.ide.mcu.externaltools.gnu-tools-for-stm32.12.3.rel1.win32_1.1.0.202410251130/tools/bin/../lib/gcc/arm-none-eabi/12.3.1/../../../../arm-none-eabi/lib/thumb/v7e-m+dp/hard\libc_nano.a
LOAD C:/ST/STM32CubeIDE_1.17.0/STM32CubeIDE/plugins/com.st.stm32cube.ide.mcu.externaltools.gnu-tools-for-stm32.12.3.rel1.win32_1.1.0.202410251130/tools/bin/../lib/gcc/arm-none-eabi/12.3.1/../../../../arm-none-eabi/lib/thumb/v7e-m+dp/hard\libm.a
END GROUP
START GROUP
LOAD C:/ST/STM32CubeIDE_1.17.0/STM32CubeIDE/plugins/com.st.stm32cube.ide.mcu.externaltools.gnu-tools-for-stm32.12.3.rel1.win32_1.1.0.202410251130/tools/bin/../lib/gcc/arm-none-eabi/12.3.1/thumb/v7e-m+dp/hard\libgcc.a
LOAD C:/ST/STM32CubeIDE_1.17.0/STM32CubeIDE/plugins/com.st.stm32cube.ide.mcu.externaltools.gnu-tools-for-stm32.12.3.rel1.win32_1.1.0.202410251130/tools/bin/../lib/gcc/arm-none-eabi/12.3.1/../../../../arm-none-eabi/lib/thumb/v7e-m+dp/hard\libc_nano.a
END GROUP
START GROUP
LOAD C:/ST/STM32CubeIDE_1.17.0/STM32CubeIDE/plugins/com.st.stm32cube.ide.mcu.externaltools.gnu-tools-for-stm32.12.3.rel1.win32_1.1.0.202410251130/tools/bin/../lib/gcc/arm-none-eabi/12.3.1/thumb/v7e-m+dp/hard\libgcc.a
LOAD C:/ST/STM32CubeIDE_1.17.0/STM32CubeIDE/plugins/com.st.stm32cube.ide.mcu.externaltools.gnu-tools-for-stm32.12.3.rel1.win32_1.1.0.202410251130/tools/bin/../lib/gcc/arm-none-eabi/12.3.1/../../../../arm-none-eabi/lib/thumb/v7e-m+dp/hard\libc_nano.a
LOAD C:/ST/STM32CubeIDE_1.17.0/STM32CubeIDE/plugins/com.st.stm32cube.ide.mcu.externaltools.gnu-tools-for-stm32.12.3.rel1.win32_1.1.0.202410251130/tools/bin/../lib/gcc/arm-none-eabi/12.3.1/../../../../arm-none-eabi/lib/thumb/v7e-m+dp/hard\libnosys.a
END GROUP
START GROUP
LOAD C:/ST/STM32CubeIDE_1.17.0/STM32CubeIDE/plugins/com.st.stm32cube.ide.mcu.externaltools.gnu-tools-for-stm32.12.3.rel1.win32_1.1.0.202410251130/tools/bin/../lib/gcc/arm-none-eabi/12.3.1/thumb/v7e-m+dp/hard\libgcc.a
LOAD C:/ST/STM32CubeIDE_1.17.0/STM32CubeIDE/plugins/com.st.stm32cube.ide.mcu.externaltools.gnu-tools-for-stm32.12.3.rel1.win32_1.1.0.202410251130/tools/bin/../lib/gcc/arm-none-eabi/12.3.1/../../../../arm-none-eabi/lib/thumb/v7e-m+dp/hard\libc_nano.a
LOAD C:/ST/STM32CubeIDE_1.17.0/STM32CubeIDE/plugins/com.st.stm32cube.ide.mcu.externaltools.gnu-tools-for-stm32.12.3.rel1.win32_1.1.0.202410251130/tools/bin/../lib/gcc/arm-none-eabi/12.3.1/../../../../arm-none-eabi/lib/thumb/v7e-m+dp/hard\libnosys.a
END GROUP
LOAD C:/ST/STM32CubeIDE_1.17.0/STM32CubeIDE/plugins/com.st.stm32cube.ide.mcu.externaltools.gnu-tools-for-stm32.12.3.rel1.win32_1.1.0.202410251130/tools/bin/../lib/gcc/arm-none-eabi/12.3.1/thumb/v7e-m+dp/hard/crtend.o
LOAD C:/ST/STM32CubeIDE_1.17.0/STM32CubeIDE/plugins/com.st.stm32cube.ide.mcu.externaltools.gnu-tools-for-stm32.12.3.rel1.win32_1.1.0.202410251130/tools/bin/../lib/gcc/arm-none-eabi/12.3.1/thumb/v7e-m+dp/hard/crtn.o
                0x24050000                        _estack = (ORIGIN (RAM_D1) + LENGTH (RAM_D1))
                0x00000200                        _Min_Heap_Size = 0x200
                0x00000400                        _Min_Stack_Size = 0x400

.isr_vector     0x08000000      0x2cc
                0x08000000                        . = ALIGN (0x4)
 *(.isr_vector)
 .isr_vector    0x08000000      0x2cc ./Core/Startup/startup_stm32h723zgtx.o
                0x08000000                g_pfnVectors
                0x080002cc                        . = ALIGN (0x4)

.text           0x080002cc     0x404c
                0x080002cc                        . = ALIGN (0x4)
 *(.text)
 .text          0x080002cc       0x40 C:/ST/STM32CubeIDE_1.17.0/STM32CubeIDE/plugins/com.st.stm32cube.ide.mcu.externaltools.gnu-tools-for-stm32.12.3.rel1.win32_1.1.0.202410251130/tools/bin/../lib/gcc/arm-none-eabi/12.3.1/thumb/v7e-m+dp/hard/crtbegin.o
 *(.text*)
 .text.main     0x0800030c       0x6c ./Core/Src/main.o
                0x0800030c                main
 .text.SystemClock_Config
                0x08000378       0xbc ./Core/Src/main.o
                0x08000378                SystemClock_Config
 .text.MX_I2C1_Init
                0x08000434       0x80 ./Core/Src/main.o
 .text.MX_GPIO_Init
                0x080004b4       0x70 ./Core/Src/main.o
 .text.MPU_Config
                0x08000524       0x58 ./Core/Src/main.o
 .text.Error_Handler
                0x0800057c        0xc ./Core/Src/main.o
                0x0800057c                Error_Handler
 .text.HAL_MspInit
                0x08000588       0x34 ./Core/Src/stm32h7xx_hal_msp.o
                0x08000588                HAL_MspInit
 .text.HAL_I2C_MspInit
                0x080005bc       0xd0 ./Core/Src/stm32h7xx_hal_msp.o
                0x080005bc                HAL_I2C_MspInit
 .text.NMI_Handler
                0x0800068c        0x8 ./Core/Src/stm32h7xx_it.o
                0x0800068c                NMI_Handler
 .text.HardFault_Handler
                0x08000694        0x8 ./Core/Src/stm32h7xx_it.o
                0x08000694                HardFault_Handler
 .text.MemManage_Handler
                0x0800069c        0x8 ./Core/Src/stm32h7xx_it.o
                0x0800069c                MemManage_Handler
 .text.BusFault_Handler
                0x080006a4        0x8 ./Core/Src/stm32h7xx_it.o
                0x080006a4                BusFault_Handler
 .text.UsageFault_Handler
                0x080006ac        0x8 ./Core/Src/stm32h7xx_it.o
                0x080006ac                UsageFault_Handler
 .text.SVC_Handler
                0x080006b4        0xe ./Core/Src/stm32h7xx_it.o
                0x080006b4                SVC_Handler
 .text.DebugMon_Handler
                0x080006c2        0xe ./Core/Src/stm32h7xx_it.o
                0x080006c2                DebugMon_Handler
 .text.PendSV_Handler
                0x080006d0        0xe ./Core/Src/stm32h7xx_it.o
                0x080006d0                PendSV_Handler
 .text.SysTick_Handler
                0x080006de        0xc ./Core/Src/stm32h7xx_it.o
                0x080006de                SysTick_Handler
 *fill*         0x080006ea        0x2 
 .text.SystemInit
                0x080006ec      0x120 ./Core/Src/system_stm32h7xx.o
                0x080006ec                SystemInit
 .text.ExitRun0Mode
                0x0800080c       0x30 ./Core/Src/system_stm32h7xx.o
                0x0800080c                ExitRun0Mode
 .text.Reset_Handler
                0x0800083c       0x54 ./Core/Startup/startup_stm32h723zgtx.o
                0x0800083c                Reset_Handler
 .text.Default_Handler
                0x08000890        0x2 ./Core/Startup/startup_stm32h723zgtx.o
                0x08000890                RTC_Alarm_IRQHandler
                0x08000890                EXTI2_IRQHandler
                0x08000890                TIM8_CC_IRQHandler
                0x08000890                UART8_IRQHandler
                0x08000890                SPI4_IRQHandler
                0x08000890                FDCAN3_IT0_IRQHandler
                0x08000890                TIM1_CC_IRQHandler
                0x08000890                BDMA_Channel6_IRQHandler
                0x08000890                DMA2_Stream5_IRQHandler
                0x08000890                DMA1_Stream5_IRQHandler
                0x08000890                CORDIC_IRQHandler
                0x08000890                BDMA_Channel1_IRQHandler
                0x08000890                TAMP_STAMP_IRQHandler
                0x08000890                EXTI3_IRQHandler
                0x08000890                LPTIM4_IRQHandler
                0x08000890                TIM8_TRG_COM_TIM14_IRQHandler
                0x08000890                LPTIM2_IRQHandler
                0x08000890                DFSDM1_FLT1_IRQHandler
                0x08000890                DMAMUX2_OVR_IRQHandler
                0x08000890                TIM8_UP_TIM13_IRQHandler
                0x08000890                I2C3_ER_IRQHandler
                0x08000890                DFSDM1_FLT2_IRQHandler
                0x08000890                I2C5_EV_IRQHandler
                0x08000890                USART10_IRQHandler
                0x08000890                MDMA_IRQHandler
                0x08000890                LPTIM3_IRQHandler
                0x08000890                HSEM1_IRQHandler
                0x08000890                EXTI0_IRQHandler
                0x08000890                I2C2_EV_IRQHandler
                0x08000890                DMA1_Stream2_IRQHandler
                0x08000890                FPU_IRQHandler
                0x08000890                OTG_HS_WKUP_IRQHandler
                0x08000890                FDCAN1_IT1_IRQHandler
                0x08000890                LTDC_ER_IRQHandler
                0x08000890                DMA2_Stream2_IRQHandler
                0x08000890                SPI1_IRQHandler
                0x08000890                OCTOSPI1_IRQHandler
                0x08000890                TIM6_DAC_IRQHandler
                0x08000890                DMA2_Stream3_IRQHandler
                0x08000890                OCTOSPI2_IRQHandler
                0x08000890                DFSDM1_FLT3_IRQHandler
                0x08000890                TIM23_IRQHandler
                0x08000890                USART6_IRQHandler
                0x08000890                TIM17_IRQHandler
                0x08000890                USART3_IRQHandler
                0x08000890                BDMA_Channel7_IRQHandler
                0x08000890                LPTIM5_IRQHandler
                0x08000890                UART5_IRQHandler
                0x08000890                ADC3_IRQHandler
                0x08000890                DMA2_Stream0_IRQHandler
                0x08000890                TIM4_IRQHandler
                0x08000890                BDMA_Channel2_IRQHandler
                0x08000890                I2C1_EV_IRQHandler
                0x08000890                DMA1_Stream6_IRQHandler
                0x08000890                DMAMUX1_OVR_IRQHandler
                0x08000890                DMA1_Stream1_IRQHandler
                0x08000890                TIM16_IRQHandler
                0x08000890                UART4_IRQHandler
                0x08000890                BDMA_Channel5_IRQHandler
                0x08000890                TIM3_IRQHandler
                0x08000890                RCC_IRQHandler
                0x08000890                UART9_IRQHandler
                0x08000890                TIM8_BRK_TIM12_IRQHandler
                0x08000890                TIM1_TRG_COM_IRQHandler
                0x08000890                Default_Handler
                0x08000890                ECC_IRQHandler
                0x08000890                FMAC_IRQHandler
                0x08000890                CEC_IRQHandler
                0x08000890                EXTI15_10_IRQHandler
                0x08000890                BDMA_Channel0_IRQHandler
                0x08000890                ADC_IRQHandler
                0x08000890                I2C5_ER_IRQHandler
                0x08000890                DMA1_Stream7_IRQHandler
                0x08000890                SPI5_IRQHandler
                0x08000890                TIM7_IRQHandler
                0x08000890                FDCAN3_IT1_IRQHandler
                0x08000890                SDMMC1_IRQHandler
                0x08000890                TIM5_IRQHandler
                0x08000890                DMA2_Stream7_IRQHandler
                0x08000890                TIM15_IRQHandler
                0x08000890                PVD_AVD_IRQHandler
                0x08000890                I2C3_EV_IRQHandler
                0x08000890                EXTI9_5_IRQHandler
                0x08000890                RTC_WKUP_IRQHandler
                0x08000890                LTDC_IRQHandler
                0x08000890                ETH_WKUP_IRQHandler
                0x08000890                SPDIF_RX_IRQHandler
                0x08000890                SPI2_IRQHandler
                0x08000890                OTG_HS_EP1_IN_IRQHandler
                0x08000890                DMA1_Stream0_IRQHandler
                0x08000890                TIM24_IRQHandler
                0x08000890                CRS_IRQHandler
                0x08000890                EXTI4_IRQHandler
                0x08000890                RNG_IRQHandler
                0x08000890                FDCAN2_IT1_IRQHandler
                0x08000890                ETH_IRQHandler
                0x08000890                TIM1_UP_IRQHandler
                0x08000890                BDMA_Channel4_IRQHandler
                0x08000890                OTG_HS_EP1_OUT_IRQHandler
                0x08000890                WWDG_IRQHandler
                0x08000890                SPI6_IRQHandler
                0x08000890                MDIOS_IRQHandler
                0x08000890                I2C4_EV_IRQHandler
                0x08000890                FDCAN2_IT0_IRQHandler
                0x08000890                LPUART1_IRQHandler
                0x08000890                FDCAN1_IT0_IRQHandler
                0x08000890                TIM2_IRQHandler
                0x08000890                OTG_HS_IRQHandler
                0x08000890                DMA2D_IRQHandler
                0x08000890                TIM1_BRK_IRQHandler
                0x08000890                EXTI1_IRQHandler
                0x08000890                SDMMC2_IRQHandler
                0x08000890                BDMA_Channel3_IRQHandler
                0x08000890                DTS_IRQHandler
                0x08000890                UART7_IRQHandler
                0x08000890                MDIOS_WKUP_IRQHandler
                0x08000890                USART2_IRQHandler
                0x08000890                DFSDM1_FLT0_IRQHandler
                0x08000890                SAI4_IRQHandler
                0x08000890                I2C2_ER_IRQHandler
                0x08000890                DMA2_Stream1_IRQHandler
                0x08000890                FLASH_IRQHandler
                0x08000890                DMA2_Stream4_IRQHandler
                0x08000890                USART1_IRQHandler
                0x08000890                SPI3_IRQHandler
                0x08000890                WAKEUP_PIN_IRQHandler
                0x08000890                DMA1_Stream4_IRQHandler
                0x08000890                I2C1_ER_IRQHandler
                0x08000890                FMC_IRQHandler
                0x08000890                FDCAN_CAL_IRQHandler
                0x08000890                SWPMI1_IRQHandler
                0x08000890                COMP1_IRQHandler
                0x08000890                LPTIM1_IRQHandler
                0x08000890                DCMI_PSSI_IRQHandler
                0x08000890                I2C4_ER_IRQHandler
                0x08000890                DMA2_Stream6_IRQHandler
                0x08000890                SAI1_IRQHandler
                0x08000890                DMA1_Stream3_IRQHandler
 *fill*         0x08000892        0x2 
 .text.HAL_Init
                0x08000894       0x78 ./Drivers/STM32H7xx_HAL_Driver/Src/stm32h7xx_hal.o
                0x08000894                HAL_Init
 .text.HAL_InitTick
                0x0800090c       0x6c ./Drivers/STM32H7xx_HAL_Driver/Src/stm32h7xx_hal.o
                0x0800090c                HAL_InitTick
 .text.HAL_IncTick
                0x08000978       0x28 ./Drivers/STM32H7xx_HAL_Driver/Src/stm32h7xx_hal.o
                0x08000978                HAL_IncTick
 .text.HAL_GetTick
                0x080009a0       0x18 ./Drivers/STM32H7xx_HAL_Driver/Src/stm32h7xx_hal.o
                0x080009a0                HAL_GetTick
 .text.HAL_Delay
                0x080009b8       0x48 ./Drivers/STM32H7xx_HAL_Driver/Src/stm32h7xx_hal.o
                0x080009b8                HAL_Delay
 .text.__NVIC_SetPriorityGrouping
                0x08000a00       0x48 ./Drivers/STM32H7xx_HAL_Driver/Src/stm32h7xx_hal_cortex.o
 .text.__NVIC_GetPriorityGrouping
                0x08000a48       0x1c ./Drivers/STM32H7xx_HAL_Driver/Src/stm32h7xx_hal_cortex.o
 .text.__NVIC_SetPriority
                0x08000a64       0x54 ./Drivers/STM32H7xx_HAL_Driver/Src/stm32h7xx_hal_cortex.o
 .text.NVIC_EncodePriority
                0x08000ab8       0x66 ./Drivers/STM32H7xx_HAL_Driver/Src/stm32h7xx_hal_cortex.o
 *fill*         0x08000b1e        0x2 
 .text.SysTick_Config
                0x08000b20       0x44 ./Drivers/STM32H7xx_HAL_Driver/Src/stm32h7xx_hal_cortex.o
 .text.HAL_NVIC_SetPriorityGrouping
                0x08000b64       0x16 ./Drivers/STM32H7xx_HAL_Driver/Src/stm32h7xx_hal_cortex.o
                0x08000b64                HAL_NVIC_SetPriorityGrouping
 .text.HAL_NVIC_SetPriority
                0x08000b7a       0x34 ./Drivers/STM32H7xx_HAL_Driver/Src/stm32h7xx_hal_cortex.o
                0x08000b7a                HAL_NVIC_SetPriority
 .text.HAL_SYSTICK_Config
                0x08000bae       0x18 ./Drivers/STM32H7xx_HAL_Driver/Src/stm32h7xx_hal_cortex.o
                0x08000bae                HAL_SYSTICK_Config
 *fill*         0x08000bc6        0x2 
 .text.HAL_MPU_Disable
                0x08000bc8       0x30 ./Drivers/STM32H7xx_HAL_Driver/Src/stm32h7xx_hal_cortex.o
                0x08000bc8                HAL_MPU_Disable
 .text.HAL_MPU_Enable
                0x08000bf8       0x40 ./Drivers/STM32H7xx_HAL_Driver/Src/stm32h7xx_hal_cortex.o
                0x08000bf8                HAL_MPU_Enable
 .text.HAL_MPU_ConfigRegion
                0x08000c38       0x80 ./Drivers/STM32H7xx_HAL_Driver/Src/stm32h7xx_hal_cortex.o
                0x08000c38                HAL_MPU_ConfigRegion
 .text.HAL_GPIO_Init
                0x08000cb8      0x350 ./Drivers/STM32H7xx_HAL_Driver/Src/stm32h7xx_hal_gpio.o
                0x08000cb8                HAL_GPIO_Init
 .text.HAL_I2C_Init
                0x08001008      0x138 ./Drivers/STM32H7xx_HAL_Driver/Src/stm32h7xx_hal_i2c.o
                0x08001008                HAL_I2C_Init
 .text.HAL_I2C_Master_Transmit
                0x08001140      0x230 ./Drivers/STM32H7xx_HAL_Driver/Src/stm32h7xx_hal_i2c.o
                0x08001140                HAL_I2C_Master_Transmit
 .text.HAL_I2C_Master_Receive
                0x08001370      0x1ec ./Drivers/STM32H7xx_HAL_Driver/Src/stm32h7xx_hal_i2c.o
                0x08001370                HAL_I2C_Master_Receive
 .text.I2C_Flush_TXDR
                0x0800155c       0x48 ./Drivers/STM32H7xx_HAL_Driver/Src/stm32h7xx_hal_i2c.o
 .text.I2C_WaitOnFlagUntilTimeout
                0x080015a4       0xb2 ./Drivers/STM32H7xx_HAL_Driver/Src/stm32h7xx_hal_i2c.o
 .text.I2C_WaitOnTXISFlagUntilTimeout
                0x08001656       0x8e ./Drivers/STM32H7xx_HAL_Driver/Src/stm32h7xx_hal_i2c.o
 .text.I2C_WaitOnSTOPFlagUntilTimeout
                0x080016e4       0x86 ./Drivers/STM32H7xx_HAL_Driver/Src/stm32h7xx_hal_i2c.o
 *fill*         0x0800176a        0x2 
 .text.I2C_WaitOnRXNEFlagUntilTimeout
                0x0800176c      0x118 ./Drivers/STM32H7xx_HAL_Driver/Src/stm32h7xx_hal_i2c.o
 .text.I2C_IsErrorOccurred
                0x08001884      0x1c0 ./Drivers/STM32H7xx_HAL_Driver/Src/stm32h7xx_hal_i2c.o
 .text.I2C_TransferConfig
                0x08001a44       0x64 ./Drivers/STM32H7xx_HAL_Driver/Src/stm32h7xx_hal_i2c.o
 .text.HAL_I2CEx_ConfigAnalogFilter
                0x08001aa8       0x96 ./Drivers/STM32H7xx_HAL_Driver/Src/stm32h7xx_hal_i2c_ex.o
                0x08001aa8                HAL_I2CEx_ConfigAnalogFilter
 .text.HAL_I2CEx_ConfigDigitalFilter
                0x08001b3e       0x98 ./Drivers/STM32H7xx_HAL_Driver/Src/stm32h7xx_hal_i2c_ex.o
                0x08001b3e                HAL_I2CEx_ConfigDigitalFilter
 *fill*         0x08001bd6        0x2 
 .text.HAL_PWREx_ConfigSupply
                0x08001bd8       0x74 ./Drivers/STM32H7xx_HAL_Driver/Src/stm32h7xx_hal_pwr_ex.o
                0x08001bd8                HAL_PWREx_ConfigSupply
 .text.HAL_RCC_OscConfig
                0x08001c4c      0x7b4 ./Drivers/STM32H7xx_HAL_Driver/Src/stm32h7xx_hal_rcc.o
                0x08001c4c                HAL_RCC_OscConfig
 .text.HAL_RCC_ClockConfig
                0x08002400      0x36c ./Drivers/STM32H7xx_HAL_Driver/Src/stm32h7xx_hal_rcc.o
                0x08002400                HAL_RCC_ClockConfig
 .text.HAL_RCC_GetSysClockFreq
                0x0800276c      0x2f4 ./Drivers/STM32H7xx_HAL_Driver/Src/stm32h7xx_hal_rcc.o
                0x0800276c                HAL_RCC_GetSysClockFreq
 .text.HAL_RCCEx_PeriphCLKConfig
                0x08002a60     0x1340 ./Drivers/STM32H7xx_HAL_Driver/Src/stm32h7xx_hal_rcc_ex.o
                0x08002a60                HAL_RCCEx_PeriphCLKConfig
 .text.RCCEx_PLL2_Config
                0x08003da0      0x164 ./Drivers/STM32H7xx_HAL_Driver/Src/stm32h7xx_hal_rcc_ex.o
 .text.RCCEx_PLL3_Config
                0x08003f04      0x164 ./Drivers/STM32H7xx_HAL_Driver/Src/stm32h7xx_hal_rcc_ex.o
 .text.calculate_crc
                0x08004068       0x76 ./User Defined/driver_sht4x.o
 *fill*         0x080040de        0x2 
 .text.sht4x_read
                0x080040e0      0x1c8 ./User Defined/driver_sht4x.o
                0x080040e0                sht4x_read
 .text.memset   0x080042a8       0x10 C:/ST/STM32CubeIDE_1.17.0/STM32CubeIDE/plugins/com.st.stm32cube.ide.mcu.externaltools.gnu-tools-for-stm32.12.3.rel1.win32_1.1.0.202410251130/tools/bin/../lib/gcc/arm-none-eabi/12.3.1/../../../../arm-none-eabi/lib/thumb/v7e-m+dp/hard\libc_nano.a(libc_a-memset.o)
                0x080042a8                memset
 .text.__libc_init_array
                0x080042b8       0x48 C:/ST/STM32CubeIDE_1.17.0/STM32CubeIDE/plugins/com.st.stm32cube.ide.mcu.externaltools.gnu-tools-for-stm32.12.3.rel1.win32_1.1.0.202410251130/tools/bin/../lib/gcc/arm-none-eabi/12.3.1/../../../../arm-none-eabi/lib/thumb/v7e-m+dp/hard\libc_nano.a(libc_a-init.o)
                0x080042b8                __libc_init_array
 *(.glue_7)
 .glue_7        0x08004300        0x0 linker stubs
 *(.glue_7t)
 .glue_7t       0x08004300        0x0 linker stubs
 *(.eh_frame)
 .eh_frame      0x08004300        0x0 C:/ST/STM32CubeIDE_1.17.0/STM32CubeIDE/plugins/com.st.stm32cube.ide.mcu.externaltools.gnu-tools-for-stm32.12.3.rel1.win32_1.1.0.202410251130/tools/bin/../lib/gcc/arm-none-eabi/12.3.1/thumb/v7e-m+dp/hard/crtbegin.o
 *(.init)
 .init          0x08004300        0x4 C:/ST/STM32CubeIDE_1.17.0/STM32CubeIDE/plugins/com.st.stm32cube.ide.mcu.externaltools.gnu-tools-for-stm32.12.3.rel1.win32_1.1.0.202410251130/tools/bin/../lib/gcc/arm-none-eabi/12.3.1/thumb/v7e-m+dp/hard/crti.o
                0x08004300                _init
 .init          0x08004304        0x8 C:/ST/STM32CubeIDE_1.17.0/STM32CubeIDE/plugins/com.st.stm32cube.ide.mcu.externaltools.gnu-tools-for-stm32.12.3.rel1.win32_1.1.0.202410251130/tools/bin/../lib/gcc/arm-none-eabi/12.3.1/thumb/v7e-m+dp/hard/crtn.o
 *(.fini)
 .fini          0x0800430c        0x4 C:/ST/STM32CubeIDE_1.17.0/STM32CubeIDE/plugins/com.st.stm32cube.ide.mcu.externaltools.gnu-tools-for-stm32.12.3.rel1.win32_1.1.0.202410251130/tools/bin/../lib/gcc/arm-none-eabi/12.3.1/thumb/v7e-m+dp/hard/crti.o
                0x0800430c                _fini
 .fini          0x08004310        0x8 C:/ST/STM32CubeIDE_1.17.0/STM32CubeIDE/plugins/com.st.stm32cube.ide.mcu.externaltools.gnu-tools-for-stm32.12.3.rel1.win32_1.1.0.202410251130/tools/bin/../lib/gcc/arm-none-eabi/12.3.1/thumb/v7e-m+dp/hard/crtn.o
                0x08004318                        . = ALIGN (0x4)
                0x08004318                        _etext = .

.vfp11_veneer   0x08004318        0x0
 .vfp11_veneer  0x08004318        0x0 linker stubs

.v4_bx          0x08004318        0x0
 .v4_bx         0x08004318        0x0 linker stubs

.iplt           0x08004318        0x0
 .iplt          0x08004318        0x0 C:/ST/STM32CubeIDE_1.17.0/STM32CubeIDE/plugins/com.st.stm32cube.ide.mcu.externaltools.gnu-tools-for-stm32.12.3.rel1.win32_1.1.0.202410251130/tools/bin/../lib/gcc/arm-none-eabi/12.3.1/thumb/v7e-m+dp/hard/crtbegin.o

.rodata         0x08004318       0x10
                0x08004318                        . = ALIGN (0x4)
 *(.rodata)
 *(.rodata*)
 .rodata.D1CorePrescTable
                0x08004318       0x10 ./Core/Src/system_stm32h7xx.o
                0x08004318                D1CorePrescTable
                0x08004328                        . = ALIGN (0x4)

.ARM.extab
 *(.ARM.extab* .gnu.linkonce.armextab.*)

.ARM            0x08004328        0x0
                0x08004328                        __exidx_start = .
 *(.ARM.exidx*)
                0x08004328                        __exidx_end = .

.preinit_array  0x08004328        0x0
                0x08004328                        PROVIDE (__preinit_array_start = .)
 *(.preinit_array*)
                0x08004328                        PROVIDE (__preinit_array_end = .)

.init_array     0x08004328        0x4
                0x08004328                        PROVIDE (__init_array_start = .)
 *(SORT_BY_NAME(.init_array.*))
 *(.init_array*)
 .init_array    0x08004328        0x4 C:/ST/STM32CubeIDE_1.17.0/STM32CubeIDE/plugins/com.st.stm32cube.ide.mcu.externaltools.gnu-tools-for-stm32.12.3.rel1.win32_1.1.0.202410251130/tools/bin/../lib/gcc/arm-none-eabi/12.3.1/thumb/v7e-m+dp/hard/crtbegin.o
                0x0800432c                        PROVIDE (__init_array_end = .)

.fini_array     0x0800432c        0x4
                [!provide]                        PROVIDE (__fini_array_start = .)
 *(SORT_BY_NAME(.fini_array.*))
 *(.fini_array*)
 .fini_array    0x0800432c        0x4 C:/ST/STM32CubeIDE_1.17.0/STM32CubeIDE/plugins/com.st.stm32cube.ide.mcu.externaltools.gnu-tools-for-stm32.12.3.rel1.win32_1.1.0.202410251130/tools/bin/../lib/gcc/arm-none-eabi/12.3.1/thumb/v7e-m+dp/hard/crtbegin.o
                [!provide]                        PROVIDE (__fini_array_end = .)
                0x08004330                        _sidata = LOADADDR (.data)

.rel.dyn        0x08004330        0x0
 .rel.iplt      0x08004330        0x0 C:/ST/STM32CubeIDE_1.17.0/STM32CubeIDE/plugins/com.st.stm32cube.ide.mcu.externaltools.gnu-tools-for-stm32.12.3.rel1.win32_1.1.0.202410251130/tools/bin/../lib/gcc/arm-none-eabi/12.3.1/thumb/v7e-m+dp/hard/crtbegin.o

.data           0x24000000       0x10 load address 0x08004330
                0x24000000                        . = ALIGN (0x4)
                0x24000000                        _sdata = .
 *(.data)
 *(.data*)
 .data.SystemCoreClock
                0x24000000        0x4 ./Core/Src/system_stm32h7xx.o
                0x24000000                SystemCoreClock
 .data.SystemD2Clock
                0x24000004        0x4 ./Core/Src/system_stm32h7xx.o
                0x24000004                SystemD2Clock
 .data.uwTickPrio
                0x24000008        0x4 ./Drivers/STM32H7xx_HAL_Driver/Src/stm32h7xx_hal.o
                0x24000008                uwTickPrio
 .data.uwTickFreq
                0x2400000c        0x1 ./Drivers/STM32H7xx_HAL_Driver/Src/stm32h7xx_hal.o
                0x2400000c                uwTickFreq
 *(.RamFunc)
 *(.RamFunc*)
                0x24000010                        . = ALIGN (0x4)
 *fill*         0x2400000d        0x3 
                0x24000010                        _edata = .

.igot.plt       0x24000010        0x0 load address 0x08004340
 .igot.plt      0x24000010        0x0 C:/ST/STM32CubeIDE_1.17.0/STM32CubeIDE/plugins/com.st.stm32cube.ide.mcu.externaltools.gnu-tools-for-stm32.12.3.rel1.win32_1.1.0.202410251130/tools/bin/../lib/gcc/arm-none-eabi/12.3.1/thumb/v7e-m+dp/hard/crtbegin.o
                0x24000010                        . = ALIGN (0x4)

.bss            0x24000010       0x8c load address 0x08004340
                0x24000010                        _sbss = .
                0x24000010                        __bss_start__ = _sbss
 *(.bss)
 .bss           0x24000010       0x1c C:/ST/STM32CubeIDE_1.17.0/STM32CubeIDE/plugins/com.st.stm32cube.ide.mcu.externaltools.gnu-tools-for-stm32.12.3.rel1.win32_1.1.0.202410251130/tools/bin/../lib/gcc/arm-none-eabi/12.3.1/thumb/v7e-m+dp/hard/crtbegin.o
 *(.bss*)
 .bss.hi2c1     0x2400002c       0x54 ./Core/Src/main.o
                0x2400002c                hi2c1
 .bss.sht4x_sensor
                0x24000080        0x8 ./Core/Src/main.o
                0x24000080                sht4x_sensor
 .bss.temp_raw  0x24000088        0x2 ./Core/Src/main.o
                0x24000088                temp_raw
 .bss.hum_raw   0x2400008a        0x2 ./Core/Src/main.o
                0x2400008a                hum_raw
 .bss.temp      0x2400008c        0x4 ./Core/Src/main.o
                0x2400008c                temp
 .bss.hum       0x24000090        0x4 ./Core/Src/main.o
                0x24000090                hum
 .bss.status    0x24000094        0x1 ./Core/Src/main.o
                0x24000094                status
 *fill*         0x24000095        0x3 
 .bss.uwTick    0x24000098        0x4 ./Drivers/STM32H7xx_HAL_Driver/Src/stm32h7xx_hal.o
                0x24000098                uwTick
 *(COMMON)
                0x2400009c                        . = ALIGN (0x4)
                0x2400009c                        _ebss = .
                0x2400009c                        __bss_end__ = _ebss

._user_heap_stack
                0x2400009c      0x604 load address 0x08004340
                0x240000a0                        . = ALIGN (0x8)
 *fill*         0x2400009c        0x4 
                [!provide]                        PROVIDE (end = .)
                0x240000a0                        PROVIDE (_end = .)
                0x240002a0                        . = (. + _Min_Heap_Size)
 *fill*         0x240000a0      0x200 
                0x240006a0                        . = (. + _Min_Stack_Size)
 *fill*         0x240002a0      0x400 
                0x240006a0                        . = ALIGN (0x8)

/DISCARD/
 libc.a(*)
 libm.a(*)
 libgcc.a(*)

.ARM.attributes
                0x00000000       0x2e
 *(.ARM.attributes)
 .ARM.attributes
                0x00000000       0x20 C:/ST/STM32CubeIDE_1.17.0/STM32CubeIDE/plugins/com.st.stm32cube.ide.mcu.externaltools.gnu-tools-for-stm32.12.3.rel1.win32_1.1.0.202410251130/tools/bin/../lib/gcc/arm-none-eabi/12.3.1/thumb/v7e-m+dp/hard/crti.o
 .ARM.attributes
                0x00000020       0x32 C:/ST/STM32CubeIDE_1.17.0/STM32CubeIDE/plugins/com.st.stm32cube.ide.mcu.externaltools.gnu-tools-for-stm32.12.3.rel1.win32_1.1.0.202410251130/tools/bin/../lib/gcc/arm-none-eabi/12.3.1/thumb/v7e-m+dp/hard/crtbegin.o
 .ARM.attributes
                0x00000052       0x32 ./Core/Src/main.o
 .ARM.attributes
                0x00000084       0x32 ./Core/Src/stm32h7xx_hal_msp.o
 .ARM.attributes
                0x000000b6       0x32 ./Core/Src/stm32h7xx_it.o
 .ARM.attributes
                0x000000e8       0x32 ./Core/Src/system_stm32h7xx.o
 .ARM.attributes
                0x0000011a       0x21 ./Core/Startup/startup_stm32h723zgtx.o
 .ARM.attributes
                0x0000013b       0x32 ./Drivers/STM32H7xx_HAL_Driver/Src/stm32h7xx_hal.o
 .ARM.attributes
                0x0000016d       0x32 ./Drivers/STM32H7xx_HAL_Driver/Src/stm32h7xx_hal_cortex.o
 .ARM.attributes
                0x0000019f       0x32 ./Drivers/STM32H7xx_HAL_Driver/Src/stm32h7xx_hal_gpio.o
 .ARM.attributes
                0x000001d1       0x32 ./Drivers/STM32H7xx_HAL_Driver/Src/stm32h7xx_hal_i2c.o
 .ARM.attributes
                0x00000203       0x32 ./Drivers/STM32H7xx_HAL_Driver/Src/stm32h7xx_hal_i2c_ex.o
 .ARM.attributes
                0x00000235       0x32 ./Drivers/STM32H7xx_HAL_Driver/Src/stm32h7xx_hal_pwr_ex.o
 .ARM.attributes
                0x00000267       0x32 ./Drivers/STM32H7xx_HAL_Driver/Src/stm32h7xx_hal_rcc.o
 .ARM.attributes
                0x00000299       0x32 ./Drivers/STM32H7xx_HAL_Driver/Src/stm32h7xx_hal_rcc_ex.o
 .ARM.attributes
                0x000002cb       0x32 ./User Defined/driver_sht4x.o
 .ARM.attributes
                0x000002fd       0x32 C:/ST/STM32CubeIDE_1.17.0/STM32CubeIDE/plugins/com.st.stm32cube.ide.mcu.externaltools.gnu-tools-for-stm32.12.3.rel1.win32_1.1.0.202410251130/tools/bin/../lib/gcc/arm-none-eabi/12.3.1/../../../../arm-none-eabi/lib/thumb/v7e-m+dp/hard\libc_nano.a(libc_a-memset.o)
 .ARM.attributes
                0x0000032f       0x32 C:/ST/STM32CubeIDE_1.17.0/STM32CubeIDE/plugins/com.st.stm32cube.ide.mcu.externaltools.gnu-tools-for-stm32.12.3.rel1.win32_1.1.0.202410251130/tools/bin/../lib/gcc/arm-none-eabi/12.3.1/../../../../arm-none-eabi/lib/thumb/v7e-m+dp/hard\libc_nano.a(libc_a-init.o)
 .ARM.attributes
                0x00000361       0x20 C:/ST/STM32CubeIDE_1.17.0/STM32CubeIDE/plugins/com.st.stm32cube.ide.mcu.externaltools.gnu-tools-for-stm32.12.3.rel1.win32_1.1.0.202410251130/tools/bin/../lib/gcc/arm-none-eabi/12.3.1/thumb/v7e-m+dp/hard/crtn.o
OUTPUT(humidity_sensor.elf elf32-littlearm)
LOAD linker stubs
LOAD C:/ST/STM32CubeIDE_1.17.0/STM32CubeIDE/plugins/com.st.stm32cube.ide.mcu.externaltools.gnu-tools-for-stm32.12.3.rel1.win32_1.1.0.202410251130/tools/bin/../lib/gcc/arm-none-eabi/12.3.1/../../../../arm-none-eabi/lib/thumb/v7e-m+dp/hard\libc.a
LOAD C:/ST/STM32CubeIDE_1.17.0/STM32CubeIDE/plugins/com.st.stm32cube.ide.mcu.externaltools.gnu-tools-for-stm32.12.3.rel1.win32_1.1.0.202410251130/tools/bin/../lib/gcc/arm-none-eabi/12.3.1/../../../../arm-none-eabi/lib/thumb/v7e-m+dp/hard\libm.a
LOAD C:/ST/STM32CubeIDE_1.17.0/STM32CubeIDE/plugins/com.st.stm32cube.ide.mcu.externaltools.gnu-tools-for-stm32.12.3.rel1.win32_1.1.0.202410251130/tools/bin/../lib/gcc/arm-none-eabi/12.3.1/thumb/v7e-m+dp/hard\libgcc.a

.debug_info     0x00000000     0xc826
 .debug_info    0x00000000     0x10c4 ./Core/Src/main.o
 .debug_info    0x000010c4      0xf94 ./Core/Src/stm32h7xx_hal_msp.o
 .debug_info    0x00002058      0x128 ./Core/Src/stm32h7xx_it.o
 .debug_info    0x00002180      0xbf0 ./Core/Src/system_stm32h7xx.o
 .debug_info    0x00002d70       0x30 ./Core/Startup/startup_stm32h723zgtx.o
 .debug_info    0x00002da0     0x1698 ./Drivers/STM32H7xx_HAL_Driver/Src/stm32h7xx_hal.o
 .debug_info    0x00004438     0x10a5 ./Drivers/STM32H7xx_HAL_Driver/Src/stm32h7xx_hal_cortex.o
 .debug_info    0x000054dd      0xc6b ./Drivers/STM32H7xx_HAL_Driver/Src/stm32h7xx_hal_gpio.o
 .debug_info    0x00006148     0x22c9 ./Drivers/STM32H7xx_HAL_Driver/Src/stm32h7xx_hal_i2c.o
 .debug_info    0x00008411      0xd95 ./Drivers/STM32H7xx_HAL_Driver/Src/stm32h7xx_hal_i2c_ex.o
 .debug_info    0x000091a6      0xdce ./Drivers/STM32H7xx_HAL_Driver/Src/stm32h7xx_hal_pwr_ex.o
 .debug_info    0x00009f74      0xd82 ./Drivers/STM32H7xx_HAL_Driver/Src/stm32h7xx_hal_rcc.o
 .debug_info    0x0000acf6     0x120b ./Drivers/STM32H7xx_HAL_Driver/Src/stm32h7xx_hal_rcc_ex.o
 .debug_info    0x0000bf01      0x925 ./User Defined/driver_sht4x.o

.debug_abbrev   0x00000000     0x1c6f
 .debug_abbrev  0x00000000      0x2c5 ./Core/Src/main.o
 .debug_abbrev  0x000002c5      0x210 ./Core/Src/stm32h7xx_hal_msp.o
 .debug_abbrev  0x000004d5       0x73 ./Core/Src/stm32h7xx_it.o
 .debug_abbrev  0x00000548      0x153 ./Core/Src/system_stm32h7xx.o
 .debug_abbrev  0x0000069b       0x24 ./Core/Startup/startup_stm32h723zgtx.o
 .debug_abbrev  0x000006bf      0x29e ./Drivers/STM32H7xx_HAL_Driver/Src/stm32h7xx_hal.o
 .debug_abbrev  0x0000095d      0x339 ./Drivers/STM32H7xx_HAL_Driver/Src/stm32h7xx_hal_cortex.o
 .debug_abbrev  0x00000c96      0x205 ./Drivers/STM32H7xx_HAL_Driver/Src/stm32h7xx_hal_gpio.o
 .debug_abbrev  0x00000e9b      0x25d ./Drivers/STM32H7xx_HAL_Driver/Src/stm32h7xx_hal_i2c.o
 .debug_abbrev  0x000010f8      0x1f5 ./Drivers/STM32H7xx_HAL_Driver/Src/stm32h7xx_hal_i2c_ex.o
 .debug_abbrev  0x000012ed      0x295 ./Drivers/STM32H7xx_HAL_Driver/Src/stm32h7xx_hal_pwr_ex.o
 .debug_abbrev  0x00001582      0x2b1 ./Drivers/STM32H7xx_HAL_Driver/Src/stm32h7xx_hal_rcc.o
 .debug_abbrev  0x00001833      0x269 ./Drivers/STM32H7xx_HAL_Driver/Src/stm32h7xx_hal_rcc_ex.o
 .debug_abbrev  0x00001a9c      0x1d3 ./User Defined/driver_sht4x.o

.debug_aranges  0x00000000      0xa60
 .debug_aranges
                0x00000000       0x48 ./Core/Src/main.o
 .debug_aranges
                0x00000048       0x30 ./Core/Src/stm32h7xx_hal_msp.o
 .debug_aranges
                0x00000078       0x60 ./Core/Src/stm32h7xx_it.o
 .debug_aranges
                0x000000d8       0x30 ./Core/Src/system_stm32h7xx.o
 .debug_aranges
                0x00000108       0x28 ./Core/Startup/startup_stm32h723zgtx.o
 .debug_aranges
                0x00000130      0x1c8 ./Drivers/STM32H7xx_HAL_Driver/Src/stm32h7xx_hal.o
 .debug_aranges
                0x000002f8      0x130 ./Drivers/STM32H7xx_HAL_Driver/Src/stm32h7xx_hal_cortex.o
 .debug_aranges
                0x00000428       0x58 ./Drivers/STM32H7xx_HAL_Driver/Src/stm32h7xx_hal_gpio.o
 .debug_aranges
                0x00000480      0x2a0 ./Drivers/STM32H7xx_HAL_Driver/Src/stm32h7xx_hal_i2c.o
 .debug_aranges
                0x00000720       0x48 ./Drivers/STM32H7xx_HAL_Driver/Src/stm32h7xx_hal_i2c_ex.o
 .debug_aranges
                0x00000768      0x148 ./Drivers/STM32H7xx_HAL_Driver/Src/stm32h7xx_hal_pwr_ex.o
 .debug_aranges
                0x000008b0       0x88 ./Drivers/STM32H7xx_HAL_Driver/Src/stm32h7xx_hal_rcc.o
 .debug_aranges
                0x00000938       0xf8 ./Drivers/STM32H7xx_HAL_Driver/Src/stm32h7xx_hal_rcc_ex.o
 .debug_aranges
                0x00000a30       0x30 ./User Defined/driver_sht4x.o

.debug_rnglists
                0x00000000      0x7e0
 .debug_rnglists
                0x00000000       0x33 ./Core/Src/main.o
 .debug_rnglists
                0x00000033       0x20 ./Core/Src/stm32h7xx_hal_msp.o
 .debug_rnglists
                0x00000053       0x43 ./Core/Src/stm32h7xx_it.o
 .debug_rnglists
                0x00000096       0x21 ./Core/Src/system_stm32h7xx.o
 .debug_rnglists
                0x000000b7       0x19 ./Core/Startup/startup_stm32h723zgtx.o
 .debug_rnglists
                0x000000d0      0x155 ./Drivers/STM32H7xx_HAL_Driver/Src/stm32h7xx_hal.o
 .debug_rnglists
                0x00000225       0xe0 ./Drivers/STM32H7xx_HAL_Driver/Src/stm32h7xx_hal_cortex.o
 .debug_rnglists
                0x00000305       0x3f ./Drivers/STM32H7xx_HAL_Driver/Src/stm32h7xx_hal_gpio.o
 .debug_rnglists
                0x00000344      0x22a ./Drivers/STM32H7xx_HAL_Driver/Src/stm32h7xx_hal_i2c.o
 .debug_rnglists
                0x0000056e       0x35 ./Drivers/STM32H7xx_HAL_Driver/Src/stm32h7xx_hal_i2c_ex.o
 .debug_rnglists
                0x000005a3       0xf5 ./Drivers/STM32H7xx_HAL_Driver/Src/stm32h7xx_hal_pwr_ex.o
 .debug_rnglists
                0x00000698       0x68 ./Drivers/STM32H7xx_HAL_Driver/Src/stm32h7xx_hal_rcc.o
 .debug_rnglists
                0x00000700       0xc0 ./Drivers/STM32H7xx_HAL_Driver/Src/stm32h7xx_hal_rcc_ex.o
 .debug_rnglists
                0x000007c0       0x20 ./User Defined/driver_sht4x.o

.debug_macro    0x00000000    0x30f73
 .debug_macro   0x00000000      0x294 ./Core/Src/main.o
 .debug_macro   0x00000294      0xad2 ./Core/Src/main.o
 .debug_macro   0x00000d66      0x22c ./Core/Src/main.o
 .debug_macro   0x00000f92       0x2e ./Core/Src/main.o
 .debug_macro   0x00000fc0       0x3b ./Core/Src/main.o
 .debug_macro   0x00000ffb       0x22 ./Core/Src/main.o
 .debug_macro   0x0000101d       0x8e ./Core/Src/main.o
 .debug_macro   0x000010ab       0x51 ./Core/Src/main.o
 .debug_macro   0x000010fc      0x103 ./Core/Src/main.o
 .debug_macro   0x000011ff       0x6a ./Core/Src/main.o
 .debug_macro   0x00001269      0x1df ./Core/Src/main.o
 .debug_macro   0x00001448       0x1c ./Core/Src/main.o
 .debug_macro   0x00001464       0x22 ./Core/Src/main.o
 .debug_macro   0x00001486       0xfb ./Core/Src/main.o
 .debug_macro   0x00001581     0x1305 ./Core/Src/main.o
 .debug_macro   0x00002886      0x11f ./Core/Src/main.o
 .debug_macro   0x000029a5       0x27 ./Core/Src/main.o
 .debug_macro   0x000029cc    0x216c1 ./Core/Src/main.o
 .debug_macro   0x0002408d       0x6d ./Core/Src/main.o
 .debug_macro   0x000240fa     0x3d64 ./Core/Src/main.o
 .debug_macro   0x00027e5e      0x189 ./Core/Src/main.o
 .debug_macro   0x00027fe7       0x61 ./Core/Src/main.o
 .debug_macro   0x00028048       0x29 ./Core/Src/main.o
 .debug_macro   0x00028071       0x43 ./Core/Src/main.o
 .debug_macro   0x000280b4       0x34 ./Core/Src/main.o
 .debug_macro   0x000280e8       0x16 ./Core/Src/main.o
 .debug_macro   0x000280fe       0x43 ./Core/Src/main.o
 .debug_macro   0x00028141       0x34 ./Core/Src/main.o
 .debug_macro   0x00028175       0x10 ./Core/Src/main.o
 .debug_macro   0x00028185       0x58 ./Core/Src/main.o
 .debug_macro   0x000281dd       0x8e ./Core/Src/main.o
 .debug_macro   0x0002826b       0x1c ./Core/Src/main.o
 .debug_macro   0x00028287      0x177 ./Core/Src/main.o
 .debug_macro   0x000283fe      0x369 ./Core/Src/main.o
 .debug_macro   0x00028767      0x19b ./Core/Src/main.o
 .debug_macro   0x00028902       0x5d ./Core/Src/main.o
 .debug_macro   0x0002895f     0x2462 ./Core/Src/main.o
 .debug_macro   0x0002adc1     0x1079 ./Core/Src/main.o
 .debug_macro   0x0002be3a      0x154 ./Core/Src/main.o
 .debug_macro   0x0002bf8e      0x114 ./Core/Src/main.o
 .debug_macro   0x0002c0a2      0x3fc ./Core/Src/main.o
 .debug_macro   0x0002c49e       0xac ./Core/Src/main.o
 .debug_macro   0x0002c54a      0x788 ./Core/Src/main.o
 .debug_macro   0x0002ccd2      0x228 ./Core/Src/main.o
 .debug_macro   0x0002cefa       0x66 ./Core/Src/main.o
 .debug_macro   0x0002cf60      0x3a6 ./Core/Src/main.o
 .debug_macro   0x0002d306      0x3f9 ./Core/Src/main.o
 .debug_macro   0x0002d6ff      0x275 ./Core/Src/main.o
 .debug_macro   0x0002d974      0x3ca ./Core/Src/main.o
 .debug_macro   0x0002dd3e      0x45c ./Core/Src/main.o
 .debug_macro   0x0002e19a       0x3c ./Core/Src/main.o
 .debug_macro   0x0002e1d6       0x4a ./Core/Src/main.o
 .debug_macro   0x0002e220      0x22c ./Core/Src/main.o
 .debug_macro   0x0002e44c       0x67 ./Core/Src/main.o
 .debug_macro   0x0002e4b3       0xa5 ./Core/Src/main.o
 .debug_macro   0x0002e558      0x1c4 ./Core/Src/main.o
 .debug_macro   0x0002e71c      0x22a ./Core/Src/main.o
 .debug_macro   0x0002e946       0x35 ./Core/Src/main.o
 .debug_macro   0x0002e97b      0x5f2 ./Core/Src/main.o
 .debug_macro   0x0002ef6d      0x28a ./Core/Src/stm32h7xx_hal_msp.o
 .debug_macro   0x0002f1f7      0x294 ./Core/Src/stm32h7xx_it.o
 .debug_macro   0x0002f48b      0x280 ./Core/Src/system_stm32h7xx.o
 .debug_macro   0x0002f70b      0x2aa ./Drivers/STM32H7xx_HAL_Driver/Src/stm32h7xx_hal.o
 .debug_macro   0x0002f9b5      0x280 ./Drivers/STM32H7xx_HAL_Driver/Src/stm32h7xx_hal_cortex.o
 .debug_macro   0x0002fc35      0x287 ./Drivers/STM32H7xx_HAL_Driver/Src/stm32h7xx_hal_gpio.o
 .debug_macro   0x0002febc      0x34c ./Drivers/STM32H7xx_HAL_Driver/Src/stm32h7xx_hal_i2c.o
 .debug_macro   0x00030208      0x280 ./Drivers/STM32H7xx_HAL_Driver/Src/stm32h7xx_hal_i2c_ex.o
 .debug_macro   0x00030488      0x2b9 ./Drivers/STM32H7xx_HAL_Driver/Src/stm32h7xx_hal_pwr_ex.o
 .debug_macro   0x00030741      0x2a4 ./Drivers/STM32H7xx_HAL_Driver/Src/stm32h7xx_hal_rcc.o
 .debug_macro   0x000309e5      0x29e ./Drivers/STM32H7xx_HAL_Driver/Src/stm32h7xx_hal_rcc_ex.o
 .debug_macro   0x00030c83      0x2ba ./User Defined/driver_sht4x.o
 .debug_macro   0x00030f3d       0x16 ./User Defined/driver_sht4x.o
 .debug_macro   0x00030f53       0x20 ./User Defined/driver_sht4x.o

.debug_line     0x00000000     0xe2e5
 .debug_line    0x00000000      0xa0a ./Core/Src/main.o
 .debug_line    0x00000a0a      0x8d5 ./Core/Src/stm32h7xx_hal_msp.o
 .debug_line    0x000012df      0x939 ./Core/Src/stm32h7xx_it.o
 .debug_line    0x00001c18      0xa68 ./Core/Src/system_stm32h7xx.o
 .debug_line    0x00002680       0x7b ./Core/Startup/startup_stm32h723zgtx.o
 .debug_line    0x000026fb      0xeb8 ./Drivers/STM32H7xx_HAL_Driver/Src/stm32h7xx_hal.o
 .debug_line    0x000035b3      0xe56 ./Drivers/STM32H7xx_HAL_Driver/Src/stm32h7xx_hal_cortex.o
 .debug_line    0x00004409      0xceb ./Drivers/STM32H7xx_HAL_Driver/Src/stm32h7xx_hal_gpio.o
 .debug_line    0x000050f4     0x3ece ./Drivers/STM32H7xx_HAL_Driver/Src/stm32h7xx_hal_i2c.o
 .debug_line    0x00008fc2      0xa94 ./Drivers/STM32H7xx_HAL_Driver/Src/stm32h7xx_hal_i2c_ex.o
 .debug_line    0x00009a56      0xea5 ./Drivers/STM32H7xx_HAL_Driver/Src/stm32h7xx_hal_pwr_ex.o
 .debug_line    0x0000a8fb     0x134e ./Drivers/STM32H7xx_HAL_Driver/Src/stm32h7xx_hal_rcc.o
 .debug_line    0x0000bc49     0x1c9b ./Drivers/STM32H7xx_HAL_Driver/Src/stm32h7xx_hal_rcc_ex.o
 .debug_line    0x0000d8e4      0xa01 ./User Defined/driver_sht4x.o

.debug_str      0x00000000   0x139f0e
 .debug_str     0x00000000   0x1363cf ./Core/Src/main.o
                             0x1368f4 (size before relaxing)
 .debug_str     0x001363cf      0x3cb ./Core/Src/stm32h7xx_hal_msp.o
                             0x136778 (size before relaxing)
 .debug_str     0x0013679a       0xc9 ./Core/Src/stm32h7xx_it.o
                             0x135bdd (size before relaxing)
 .debug_str     0x00136863      0x2bb ./Core/Src/system_stm32h7xx.o
                             0x13605e (size before relaxing)
 .debug_str     0x00136b1e       0x44 ./Core/Startup/startup_stm32h723zgtx.o
                                 0x82 (size before relaxing)
 .debug_str     0x00136b62     0x111d ./Drivers/STM32H7xx_HAL_Driver/Src/stm32h7xx_hal.o
                             0x1370a9 (size before relaxing)
 .debug_str     0x00137c7f      0x2e0 ./Drivers/STM32H7xx_HAL_Driver/Src/stm32h7xx_hal_cortex.o
                             0x1369c3 (size before relaxing)
 .debug_str     0x00137f5f      0x128 ./Drivers/STM32H7xx_HAL_Driver/Src/stm32h7xx_hal_gpio.o
                             0x13606a (size before relaxing)
 .debug_str     0x00138087      0xe5e ./Drivers/STM32H7xx_HAL_Driver/Src/stm32h7xx_hal_i2c.o
                             0x137109 (size before relaxing)
 .debug_str     0x00138ee5       0xb8 ./Drivers/STM32H7xx_HAL_Driver/Src/stm32h7xx_hal_i2c_ex.o
                             0x1364af (size before relaxing)
 .debug_str     0x00138f9d      0x5ee ./Drivers/STM32H7xx_HAL_Driver/Src/stm32h7xx_hal_pwr_ex.o
                             0x136472 (size before relaxing)
 .debug_str     0x0013958b      0x22e ./Drivers/STM32H7xx_HAL_Driver/Src/stm32h7xx_hal_rcc.o
                             0x1363ed (size before relaxing)
 .debug_str     0x001397b9      0x643 ./Drivers/STM32H7xx_HAL_Driver/Src/stm32h7xx_hal_rcc_ex.o
                             0x136905 (size before relaxing)
 .debug_str     0x00139dfc      0x112 ./User Defined/driver_sht4x.o
                             0x13644d (size before relaxing)

.comment        0x00000000       0x43
 .comment       0x00000000       0x43 ./Core/Src/main.o
                                 0x44 (size before relaxing)
 .comment       0x00000043       0x44 ./Core/Src/stm32h7xx_hal_msp.o
 .comment       0x00000043       0x44 ./Core/Src/stm32h7xx_it.o
 .comment       0x00000043       0x44 ./Core/Src/system_stm32h7xx.o
 .comment       0x00000043       0x44 ./Drivers/STM32H7xx_HAL_Driver/Src/stm32h7xx_hal.o
 .comment       0x00000043       0x44 ./Drivers/STM32H7xx_HAL_Driver/Src/stm32h7xx_hal_cortex.o
 .comment       0x00000043       0x44 ./Drivers/STM32H7xx_HAL_Driver/Src/stm32h7xx_hal_gpio.o
 .comment       0x00000043       0x44 ./Drivers/STM32H7xx_HAL_Driver/Src/stm32h7xx_hal_i2c.o
 .comment       0x00000043       0x44 ./Drivers/STM32H7xx_HAL_Driver/Src/stm32h7xx_hal_i2c_ex.o
 .comment       0x00000043       0x44 ./Drivers/STM32H7xx_HAL_Driver/Src/stm32h7xx_hal_pwr_ex.o
 .comment       0x00000043       0x44 ./Drivers/STM32H7xx_HAL_Driver/Src/stm32h7xx_hal_rcc.o
 .comment       0x00000043       0x44 ./Drivers/STM32H7xx_HAL_Driver/Src/stm32h7xx_hal_rcc_ex.o
 .comment       0x00000043       0x44 ./User Defined/driver_sht4x.o

.debug_frame    0x00000000     0x29e8
 .debug_frame   0x00000000       0xd4 ./Core/Src/main.o
 .debug_frame   0x000000d4       0x84 ./Core/Src/stm32h7xx_hal_msp.o
 .debug_frame   0x00000158      0x104 ./Core/Src/stm32h7xx_it.o
 .debug_frame   0x0000025c       0x78 ./Core/Src/system_stm32h7xx.o
 .debug_frame   0x000002d4      0x760 ./Drivers/STM32H7xx_HAL_Driver/Src/stm32h7xx_hal.o
 .debug_frame   0x00000a34      0x508 ./Drivers/STM32H7xx_HAL_Driver/Src/stm32h7xx_hal_cortex.o
 .debug_frame   0x00000f3c      0x14c ./Drivers/STM32H7xx_HAL_Driver/Src/stm32h7xx_hal_gpio.o
 .debug_frame   0x00001088      0xc40 ./Drivers/STM32H7xx_HAL_Driver/Src/stm32h7xx_hal_i2c.o
 .debug_frame   0x00001cc8      0x100 ./Drivers/STM32H7xx_HAL_Driver/Src/stm32h7xx_hal_i2c_ex.o
 .debug_frame   0x00001dc8      0x540 ./Drivers/STM32H7xx_HAL_Driver/Src/stm32h7xx_hal_pwr_ex.o
 .debug_frame   0x00002308      0x1fc ./Drivers/STM32H7xx_HAL_Driver/Src/stm32h7xx_hal_rcc.o
 .debug_frame   0x00002504      0x414 ./Drivers/STM32H7xx_HAL_Driver/Src/stm32h7xx_hal_rcc_ex.o
 .debug_frame   0x00002918       0x84 ./User Defined/driver_sht4x.o
 .debug_frame   0x0000299c       0x20 C:/ST/STM32CubeIDE_1.17.0/STM32CubeIDE/plugins/com.st.stm32cube.ide.mcu.externaltools.gnu-tools-for-stm32.12.3.rel1.win32_1.1.0.202410251130/tools/bin/../lib/gcc/arm-none-eabi/12.3.1/../../../../arm-none-eabi/lib/thumb/v7e-m+dp/hard\libc_nano.a(libc_a-memset.o)
 .debug_frame   0x000029bc       0x2c C:/ST/STM32CubeIDE_1.17.0/STM32CubeIDE/plugins/com.st.stm32cube.ide.mcu.externaltools.gnu-tools-for-stm32.12.3.rel1.win32_1.1.0.202410251130/tools/bin/../lib/gcc/arm-none-eabi/12.3.1/../../../../arm-none-eabi/lib/thumb/v7e-m+dp/hard\libc_nano.a(libc_a-init.o)

.debug_line_str
                0x00000000       0x66
 .debug_line_str
                0x00000000       0x66 ./Core/Startup/startup_stm32h723zgtx.o
